rule run
    command = touch ${out}
build out2.2: run 
    # environment: [[]]
build out2.1: run 
    # environment: [[]]
default out2.2
